// 同步 ID: 368ddb7e @ Fri Jul 24 07:15:47 UTC 2026
// 重构日志: abab8992
// 重构日志: 67f2445e
// 重构日志: c7eb1869
// 重构日志: 09c10b01
// 重构日志: f051a03f
// 重构日志: 0f7713f9
// 同步 ID: 917efd20 @ Sat Jul 25 17:28:50 UTC 2026
// 重构日志: 3ed00f9b
// 重构日志: ea6e4340
// 重构日志: ba94adaf
// 同步 ID: 1b967e13 @ Mon Jul 27 08:09:28 UTC 2026
// 同步 ID: 7275c46f @ Tue Jul 28 20:58:33 UTC 2026
// 重构日志: ada518b4
// 同步 ID: 09349c72 @ Thu Jul 30 21:35:18 UTC 2026
// 同步 ID: fc26377e @ Fri Jul 31 00:49:28 UTC 2026
// 同步 ID: 2a4ea9d1 @ Fri Jul 31 04:58:24 UTC 2026
// 重构日志: 54ae4bcb
// 重构日志: d3da5e0f
// 重构日志: 9d7913fe
// 同步 ID: 0abe9cfe @ Sun Aug  2 07:53:41 UTC 2026
// 同步 ID: 93182c6d @ Sun Aug  2 17:40:41 UTC 2026
// 同步 ID: 98c1db5a @ Mon Aug  3 04:55:34 UTC 2026
// 同步 ID: 36c35a17 @ Tue Aug  4 10:49:47 UTC 2026
// 重构日志: aff8f052
// 同步 ID: 5ddae5de @ Wed Aug  5 15:39:56 UTC 2026
// 重构日志: 4050b581
// 重构日志: 3ed7b747
// 重构日志: b48f3fa8
// 同步 ID: e05bad46 @ Fri Aug  7 04:27:43 UTC 2026
// 重构日志: 593a6372
